// Vitest Snapshot v1

exports[`renders 1`] = `
<div
  class="sc-ftTHYK ebfSnj"
>
  <div
    class="sc-gswNZR dIoQnh"
  >
    <p>
      text
    </p>
  </div>
  <div
    class="sc-pyfCe eZVdAB"
  >
    <div
      aria-label="Edit"
      class="sc-bcXHqe jUftXb"
    >
      <svg
        fill="currentColor"
        height="1em"
        stroke="currentColor"
        stroke-width="0"
        viewBox="0 0 24 24"
        width="1em"
        xmlns="http://www.w3.org/2000/svg"
      >
        <path
          d="M0 0h24v24H0z"
          fill="none"
        />
        <path
          d="M3 17.25V21h3.75L17.81 9.94l-3.75-3.75L3 17.25zM20.71 7.04a.996.996 0 000-1.41l-2.34-2.34a.996.996 0 00-1.41 0l-1.83 1.83 3.75 3.75 1.83-1.83z"
        />
      </svg>
    </div>
  </div>
</div>
`;
