// Vitest Snapshot v1

exports[`renders 1`] = `
<div
  class="sc-ksBlkl ekagmZ"
>
  <div
    class="sc-ipEyDJ jJxCCy"
    id="documents-container"
  >
    <div
      class="infinite-scroll-component__outerdiv"
    >
      <div
        class="infinite-scroll-component sc-eDWCr jVClKC"
        style="height: auto; overflow: auto;"
      />
    </div>
  </div>
  <div
    class="sc-hBxehG dwmxpD"
  >
    <div
      class="sc-eDvSVe dSKcyM"
    >
      <textarea
        class="sc-dkrFOg bOiUUM sc-jSUZER JcOjq"
        placeholder="Write in Markdown ..."
      />
      <button
        aria-label="Create"
        class="sc-bcXHqe sc-gswNZR eTvdtE gWKlTj"
      >
        <svg
          fill="currentColor"
          height="1em"
          stroke="currentColor"
          stroke-width="0"
          viewBox="0 0 24 24"
          width="1em"
          xmlns="http://www.w3.org/2000/svg"
        >
          <path
            d="M0 0h24v24H0z"
            fill="none"
          />
          <path
            d="M19 13h-6v6h-2v-6H5v-2h6V5h2v6h6v2z"
          />
        </svg>
      </button>
    </div>
    <div
      class="sc-fnGiBr dolgJS"
    />
  </div>
  <div
    class="sc-fEXmlR bXmvX"
  >
    <button
      class="sc-bcXHqe sc-gswNZR fmEPPj gWKlTj"
    >
      <svg
        fill="currentColor"
        height="1em"
        stroke="currentColor"
        stroke-width="0"
        viewBox="0 0 24 24"
        width="1em"
        xmlns="http://www.w3.org/2000/svg"
      >
        <path
          d="M0 0h24v24H0z"
          fill="none"
        />
        <path
          d="M10.09 15.59L11.5 17l5-5-5-5-1.41 1.41L12.67 11H3v2h9.67l-2.58 2.59zM19 3H5a2 2 0 00-2 2v4h2V5h14v14H5v-4H3v4a2 2 0 002 2h14c1.1 0 2-.9 2-2V5c0-1.1-.9-2-2-2z"
        />
      </svg>
    </button>
  </div>
</div>
`;
