// Vitest Snapshot v1

exports[`renders 1`] = `
<div
  class="sc-bcXHqe jUftXb"
>
  +
</div>
`;
