// Vitest Snapshot v1, https://vitest.dev/guide/snapshot.html

exports[`renders 1`] = `
<div>
  <textarea
    class="mocked-styled-0 s1ont3o7"
    placeholder="Write in Markdown..."
  >
    foo
  </textarea>
</div>
`;
