// Vitest Snapshot v1

exports[`renders 1`] = `
<button
  class="sc-bcXHqe sc-gswNZR eTvdtE gCUrWJ"
>
  Sign in
</button>
`;
