// Vitest Snapshot v1

exports[`renders 1`] = `
<div>
  <textarea
    class="sc-bcXHqe hpPa-dS"
  />
</div>
`;
