// Vitest Snapshot v1, https://vitest.dev/guide/snapshot.html

exports[`renders 1`] = `
<div
  class="mocked-styled-8 c1g3lnty"
>
  <div
    class="mocked-styled-5 c1jw3o7c"
  >
    <textarea
      class="mocked-styled-4 s1ont3o7"
      placeholder="Write in Markdown..."
    />
    <div
      class="mocked-styled-6 ba6h1ks"
    >
      <div
        class="mocked-styled-2 c145ei9r"
      >
        <svg
          fill="currentColor"
          height="1em"
          stroke="currentColor"
          stroke-width="0"
          viewBox="0 0 24 24"
          width="1em"
          xmlns="http://www.w3.org/2000/svg"
        >
          <path
            d="M0 0h24v24H0z"
            fill="none"
          />
          <path
            d="M21 19V5c0-1.1-.9-2-2-2H5c-1.1 0-2 .9-2 2v14c0 1.1.9 2 2 2h14c1.1 0 2-.9 2-2zM8.5 13.5l2.5 3.01L14.5 12l4.5 6H5l3.5-4.5z"
          />
        </svg>
        <input
          class="mocked-styled-3 i1oy71hn"
          type="file"
        />
      </div>
    </div>
  </div>
  <button
    aria-label="Save"
    class="mocked-styled-9 cki2aja s120cfdn cki2aja bunojaf"
    style="--bunojaf-0: tomato;"
  >
    <svg
      fill="currentColor"
      height="1em"
      stroke="currentColor"
      stroke-width="0"
      viewBox="0 0 24 24"
      width="1em"
      xmlns="http://www.w3.org/2000/svg"
    >
      <path
        d="M0 0h24v24H0z"
        fill="none"
      />
      <path
        d="M17 3H5a2 2 0 0 0-2 2v14a2 2 0 0 0 2 2h14c1.1 0 2-.9 2-2V7l-4-4zm-5 16c-1.66 0-3-1.34-3-3s1.34-3 3-3 3 1.34 3 3-1.34 3-3 3zm3-10H5V5h10v4z"
      />
    </svg>
  </button>
</div>
`;
