// Vitest Snapshot v1, https://vitest.dev/guide/snapshot.html

exports[`renders 1`] = `
<button
  class="mocked-styled-1 mocked-styled-0"
>
  foo
</button>
`;

exports[`renders as a secondary button 1`] = `
<button
  class="mocked-styled-1 mocked-styled-0"
>
  foo
</button>
`;
