// Jest Snapshot v1, https://goo.gl/fbAQLP

exports[`renders 1`] = `
<div
  className="sc-AxmLO ehOlxA"
>
  <div
    className="sc-AxirZ hvfzc"
  >
    <p>
      text
    </p>
  </div>
  <div
    className="sc-fzozJi eyZSoi"
  >
    <div
      aria-label="Edit"
      className="sc-AxjAm ijbaQh"
      onClick={[Function]}
    >
      <svg
        fill="currentColor"
        height="1em"
        stroke="currentColor"
        strokeWidth="0"
        style={
          Object {
            "color": undefined,
          }
        }
        viewBox="0 0 24 24"
        width="1em"
        xmlns="http://www.w3.org/2000/svg"
      >
        <path
          d="M3 17.25V21h3.75L17.81 9.94l-3.75-3.75L3 17.25zM20.71 7.04c.39-.39.39-1.02 0-1.41l-2.34-2.34c-.39-.39-1.02-.39-1.41 0l-1.83 1.83 3.75 3.75 1.83-1.83z"
        />
      </svg>
    </div>
  </div>
</div>
`;
