// Jest Snapshot v1, https://goo.gl/fbAQLP

exports[`renders 1`] = `
<div
  className="sc-fzokOt Qcwer"
>
  <div
    className="sc-fzplWN gLelMI"
  >
    <div
      className="sc-fznKkj HfYSd"
    />
  </div>
  <div
    className="sc-fzqBZW hmZiwB"
  >
    <div
      className="sc-AxhUy jkncAu"
    >
      <textarea
        async={true}
        className="sc-AxiKw emBwCb sc-AxgMl cNIsWQ"
        onChange={[Function]}
        onDrop={[Function]}
        onKeyDown={[Function]}
        onPaste={[Function]}
        placeholder="Write in Markdown ..."
        rows={1}
        value=""
      />
      <button
        aria-label="Create"
        className="sc-AxjAm sc-AxirZ ekcjUO"
        onClick={[Function]}
      >
        <svg
          fill="currentColor"
          height="1em"
          stroke="currentColor"
          strokeWidth="0"
          style={
            Object {
              "color": undefined,
            }
          }
          viewBox="0 0 24 24"
          width="1em"
          xmlns="http://www.w3.org/2000/svg"
        >
          <path
            d="M19 13h-6v6h-2v-6H5v-2h6V5h2v6h6v2z"
          />
        </svg>
      </button>
    </div>
    <div
      className="sc-fzqNJr fCAtrr"
    />
  </div>
  <div
    className="sc-fzoyAV eGeOGW"
  >
    <button
      className="sc-AxjAm sc-AxirZ huBbKx"
      onClick={[Function]}
    >
      <svg
        fill="currentColor"
        height="1em"
        stroke="currentColor"
        strokeWidth="0"
        style={
          Object {
            "color": undefined,
          }
        }
        viewBox="0 0 24 24"
        width="1em"
        xmlns="http://www.w3.org/2000/svg"
      >
        <path
          d="M10.09 15.59L11.5 17l5-5-5-5-1.41 1.41L12.67 11H3v2h9.67l-2.58 2.59zM19 3H5c-1.11 0-2 .9-2 2v4h2V5h14v14H5v-4H3v4c0 1.1.89 2 2 2h14c1.1 0 2-.9 2-2V5c0-1.1-.9-2-2-2z"
        />
      </svg>
    </button>
  </div>
</div>
`;
