// Jest Snapshot v1, https://goo.gl/fbAQLP

exports[`renders 1`] = `
<div
  className="sc-AykKC jlRTDW"
  onClick={[Function]}
>
  +
</div>
`;
