// Jest Snapshot v1, https://goo.gl/fbAQLP

exports[`renders 1`] = `
<div>
  <textarea
    async=""
    class="sc-AxjAm fLahaY"
    placeholder="Write in Markdown ..."
    rows="1"
  >
    foo
  </textarea>
</div>
`;
