// Jest Snapshot v1, https://goo.gl/fbAQLP

exports[`renders 1`] = `
<div
  className="sc-AxhUy byBNkN"
>
  <textarea
    async={true}
    className="sc-AxiKw emBwCb sc-AxgMl cqZTcz"
    onChange={[Function]}
    onDrop={[Function]}
    onKeyDown={[Function]}
    onPaste={[Function]}
    placeholder="Write in Markdown ..."
    rows={1}
    value=""
  />
  <button
    aria-label="Save"
    className="sc-AxjAm sc-AxirZ ekcjUO"
    onClick={[Function]}
  >
    <svg
      fill="currentColor"
      height="1em"
      stroke="currentColor"
      strokeWidth="0"
      style={
        Object {
          "color": undefined,
        }
      }
      viewBox="0 0 24 24"
      width="1em"
      xmlns="http://www.w3.org/2000/svg"
    >
      <path
        d="M17 3H5c-1.11 0-2 .9-2 2v14c0 1.1.89 2 2 2h14c1.1 0 2-.9 2-2V7l-4-4zm-5 16c-1.66 0-3-1.34-3-3s1.34-3 3-3 3 1.34 3 3-1.34 3-3 3zm3-10H5V5h10v4z"
      />
    </svg>
  </button>
</div>
`;
